::1 - - [25/Sep/2026 19:22:27] "GET / HTTP/1.1" 200 -
::1 - - [25/Sep/2026 19:23:59] "GET /LanceIA_BIN.html HTTP/1.1" 200 -
::1 - - [25/Sep/2026 19:23:59] "GET /vault/last_prompt.txt HTTP/1.1" 200 -
::1 - - [25/Sep/2026 19:24:00] "GET /logs/ HTTP/1.1" 200 -
::1 - - [25/Sep/2026 19:24:01] code 404, message File not found
::1 - - [25/Sep/2026 19:24:01] "GET /favicon.ico HTTP/1.1" 404 -
::1 - - [25/Sep/2026 20:08:09] "GET /LanceIA_BIN.html HTTP/1.1" 200 -
::1 - - [25/Sep/2026 20:08:10] "GET /vault/last_prompt.txt HTTP/1.1" 200 -
::1 - - [25/Sep/2026 20:08:10] "GET /logs/ HTTP/1.1" 200 -
::1 - - [25/Sep/2026 20:08:10] code 404, message File not found
::1 - - [25/Sep/2026 20:08:10] "GET /favicon.ico HTTP/1.1" 404 -
 "/data/data/com.termux/files/usr/lib/python3.14/http/server.py", line 1415, in server_bind
    return super().server_bind()
           ~~~~~~~~~~~~~~~~~~~^^
  File "/data/data/com.termux/files/usr/lib/python3.14/http/server.py", line 148, in server_bind
    socketserver.TCPServer.server_bind(self)
    ~~~~~~~~~~~~~~~~~~~~~~~~~~~~~~~~~~^^^^^^
  File "/data/data/com.termux/files/usr/lib/python3.14/socketserver.py", line 478, in server_bind
    self.socket.bind(self.server_address)
    ~~~~~~~~~~~~~~~~^^^^^^^^^^^^^^^^^^^^^
OSError: [Errno 98] Address already in use
